============================================================
CATEGORY FILTER TEST
============================================================
Traceback (most recent call last):
  File "E:\promgramming\Y3n\Expert System\Assignment\TechAdvisor\test_category_fix.py", line 21, in <module>
    print("\n\U0001f50d TEST 1: Requesting SMARTPHONES (Category ID:", smartphone_cat.id, ")")
    ~~~~~^^^^^^^^^^^^^^^^^^^^^^^^^^^^^^^^^^^^^^^^^^^^^^^^^^^^^^^^^^^^^^^^^^^^^^^^^^^^^
  File "C:\Python314\Lib\encodings\cp1252.py", line 19, in encode
    return codecs.charmap_encode(input,self.errors,encoding_table)[0]
           ~~~~~~~~~~~~~~~~~~~~~^^^^^^^^^^^^^^^^^^^^^^^^^^^^^^^^^^
UnicodeEncodeError: 'charmap' codec can't encode character '\U0001f50d' in position 2: character maps to <undefined>
